# openai
*ab.chatgpt.com
*api.openai.com
*arena.openai.com
*auth.openai.com
*auth0.openai.com
*beta.api.openai.com
*beta.openai.com
*blog.openai.com
*cdn.oaistatic.com
*cdn.openai.com
*community.openai.com
*contest.openai.com
*debate-game.openai.com
*discuss.openai.com
*files.oaiusercontent.com
*gpt3-openai.com
*gym.openai.com
*help.openai.com
*ios.chat.openai.com
*jukebox.openai.com
*labs.openai.com
*microscope.openai.com
*oaistatic.com
*openai.com
*openai.fund
*openai.org
*platform.api.openai.com
*platform.openai.com
*spinningup.openai
*chat.openai.com
*chatgpt.com
# youtube
*googlevideo.com
*yt3.ggpht.com
*yt4.ggpht.com
*youtube.com
*i.ytimg.com
*youtubei.googleapis.com
*yt3.googleusercontent.com
*m.youtube.com
*google.com
*www.google.com
*googleapis.com
*gstatic.com
*play.google.com
*s.youtube.com
*www.youtube.com
*youtu.be
*ggpht.com
*ytimg.com
*play.google.com
*nhacmp3youtube.com
*googleusercontent.com
connectivitycheck.gstatic.com
*gstatic.com
*googleapis.com
*l.google
# kvas
myip2.ru
2ip.ru
*ns1.cloudflare.net
*cloudflare.net
